2020-10-27 18:25:59 INFO  TestClass:17 - hello word
2020-10-28 13:55:53 INFO  TestClass:26 - access_tokenVjDBMRYArUwsqbSbhYXd2idu0FPtAkD3z-YuImucbl1SCKmAuyOeCEDfdp_qnCR-Y4EK-fNutTsLwZ6Cwrte5ODx5tUaovGyQNi9RQCxeb0tIupruaIB1CJlRyrqeOuZpcAJ0IUPVHBfhWlTk_VMabv1VYc9p-7M_EtpDaF2xslraJUXaoECgDtLB5SLq3RYo5yppN41vXf0cdU4crMcmQ
2020-10-28 14:59:49 INFO  TestClass:27 - access_token: VjDBMRYArUwsqbSbhYXd2idu0FPtAkD3z-YuImucbl1SCKmAuyOeCEDfdp_qnCR-Y4EK-fNutTsLwZ6Cwrte5ODx5tUaovGyQNi9RQCxeb0tIupruaIB1CJlRyrqeOuZpcAJ0IUPVHBfhWlTk_VMabv1VYc9p-7M_EtpDaF2xslraJUXaoECgDtLB5SLq3RYo5yppN41vXf0cdU4crMcmQ
2020-10-28 15:05:12 INFO  TestClass:28 - access_token: VjDBMRYArUwsqbSbhYXd2idu0FPtAkD3z-YuImucbl1SCKmAuyOeCEDfdp_qnCR-Y4EK-fNutTsLwZ6Cwrte5ODx5tUaovGyQNi9RQCxeb0tIupruaIB1CJlRyrqeOuZpcAJ0IUPVHBfhWlTk_VMabv1VYc9p-7M_EtpDaF2xslraJUXaoECgDtLB5SLq3RYo5yppN41vXf0cdU4crMcmQ
2020-10-28 15:06:34 INFO  TestClass:28 - access_token: VjDBMRYArUwsqbSbhYXd2idu0FPtAkD3z-YuImucbl1SCKmAuyOeCEDfdp_qnCR-Y4EK-fNutTsLwZ6Cwrte5ODx5tUaovGyQNi9RQCxeb0tIupruaIB1CJlRyrqeOuZpcAJ0IUPVHBfhWlTk_VMabv1VYc9p-7M_EtpDaF2xslraJUXaoECgDtLB5SLq3RYo5yppN41vXf0cdU4crMcmQ
2020-10-28 15:06:35 INFO  TestClass:71 - io.restassured.internal.RestAssuredResponseImpl@49601f82
2020-10-28 15:09:46 INFO  TestClass:27 - access_token: VjDBMRYArUwsqbSbhYXd2idu0FPtAkD3z-YuImucbl1SCKmAuyOeCEDfdp_qnCR-Y4EK-fNutTsLwZ6Cwrte5ODx5tUaovGyQNi9RQCxeb0tIupruaIB1CJlRyrqeOuZpcAJ0IUPVHBfhWlTk_VMabv1VYc9p-7M_EtpDaF2xslraJUXaoECgDtLB5SLq3RYo5yppN41vXf0cdU4crMcmQ
2020-10-28 15:37:51 INFO  TestClass:30 - access_token: VjDBMRYArUwsqbSbhYXd2idu0FPtAkD3z-YuImucbl1SCKmAuyOeCEDfdp_qnCR-Y4EK-fNutTsLwZ6Cwrte5ODx5tUaovGyQNi9RQCxeb0tIupruaIB1CJlRyrqeOuZpcAJ0IUPVHBfhWlTk_VMabv1VYc9p-7M_EtpDaF2xslraJUXaoECgDtLB5SLq3RYo5yppN41vXf0cdU4crMcmQ
2020-10-28 15:39:26 INFO  TestClass:30 - access_token: VjDBMRYArUwsqbSbhYXd2idu0FPtAkD3z-YuImucbl1SCKmAuyOeCEDfdp_qnCR-Y4EK-fNutTsLwZ6Cwrte5ODx5tUaovGyQNi9RQCxeb0tIupruaIB1CJlRyrqeOuZpcAJ0IUPVHBfhWlTk_VMabv1VYc9p-7M_EtpDaF2xslraJUXaoECgDtLB5SLq3RYo5yppN41vXf0cdU4crMcmQ
2020-10-28 15:39:59 INFO  TestClass:30 - access_token: VjDBMRYArUwsqbSbhYXd2idu0FPtAkD3z-YuImucbl1SCKmAuyOeCEDfdp_qnCR-Y4EK-fNutTsLwZ6Cwrte5ODx5tUaovGyQNi9RQCxeb0tIupruaIB1CJlRyrqeOuZpcAJ0IUPVHBfhWlTk_VMabv1VYc9p-7M_EtpDaF2xslraJUXaoECgDtLB5SLq3RYo5yppN41vXf0cdU4crMcmQ
2020-10-28 15:41:21 INFO  TestClass:30 - access_token: VjDBMRYArUwsqbSbhYXd2idu0FPtAkD3z-YuImucbl1SCKmAuyOeCEDfdp_qnCR-Y4EK-fNutTsLwZ6Cwrte5ODx5tUaovGyQNi9RQCxeb0tIupruaIB1CJlRyrqeOuZpcAJ0IUPVHBfhWlTk_VMabv1VYc9p-7M_EtpDaF2xslraJUXaoECgDtLB5SLq3RYo5yppN41vXf0cdU4crMcmQ
2020-10-28 16:13:57 INFO  Demo_03:31 - access_token: mi9kPhaWS0NsgUC1b-msi0Z1n_28qZHEu6QxqloZL3lUl95JpcueHg0aj0dCBo013xg8a5Pab2AU3w_vPUtkE6oAAImeV6MoJ8Xb0Ko6WmwOw1JhrX9YcbwhZHGp3HAFacayMo-C9qTLcuvaBz-B24XNQJ-VDXDB-KgwRVoFWJbGDaICNvABux_wzRb9_aCfoGHKIjAIsrDnWimFA4Ju6A
2020-10-28 16:49:44 INFO  Demo_03:33 - access_token: mi9kPhaWS0NsgUC1b-msi0Z1n_28qZHEu6QxqloZL3lUl95JpcueHg0aj0dCBo013xg8a5Pab2AU3w_vPUtkE6oAAImeV6MoJ8Xb0Ko6WmwOw1JhrX9YcbwhZHGp3HAFacayMo-C9qTLcuvaBz-B24XNQJ-VDXDB-KgwRVoFWJbGDaICNvABux_wzRb9_aCfoGHKIjAIsrDnWimFA4Ju6A
2020-10-28 16:49:44 INFO  Demo_03:49 - 1
2020-10-28 16:49:44 INFO  Demo_03:49 - 2
2020-10-28 16:49:44 INFO  Demo_03:49 - 3
2020-10-28 16:49:44 INFO  Demo_03:49 - 4
2020-10-28 16:49:44 INFO  Demo_03:49 - 5
2020-10-29 14:20:55 INFO  Demo_03:37 - access_token: MXFsd8j6VTxFAzoWpVnoyqP6CErgCkLmwyKtdAKsNAjF0HQHEOqhNCgPDBJuLD-vAaCIJJUqR_qY8drFT1vMO_onTEThtvzYRxx7H3C8PrNmDgDBTrQGAsdr36ftO_X9suWiYPcN5St_7A8Nuux72vdv3ENEHxMIM0DWtcgJyeQR3ovku3SSDYfrfdamYu3Uekf9AAOyoA5k5jAIK_dUvw
2020-10-30 10:52:07 INFO  Demo_03:37 - access_token: ABJp61w2Cy_64VKcZ1s45WvTENpA7o6tAqqImFXztFRhIh7eR1JYbhKNzOA6Us8r0dWVIZ6KD9cpLjCN3CC0euwVYKjMb-jlVV_e1HgUmfnmlKe3udctdFobv6_8u36fRBnUazXLpEX3lpRsV1xnm3gJB7q6kEk4hWCay6KplqeiFQ93OG3PMuu_F27e2WzGRw06EyYjd_jrl8kqW5dzlw
2020-10-30 10:52:08 ERROR Demo_03:91 - 未获取到部门id
2020-10-30 12:52:14 INFO  Demo_03:37 - access_token: prttVIBU3rooZpwF0hPlyV0VyZD3uAJJcOuQyjhe1eCIHmfLZ-TcCzL273TYQ7Cecyz_4ceOSDW1aTR2Ezn8k_VZb_bRQoxx-Qsp6RHnQPtMIK9Xy1BoozIyWAwZVxk0I_cH3SeeQNv5fOIxqxYaNAZCVzVHfWv9whGTT0fwlsz8gIBujJCFthQ1-I92XdOPIafMfX45gXhf8p2akFvI-w
2020-10-30 13:30:57 INFO  Demo_03:36 - access_token: prttVIBU3rooZpwF0hPlyV0VyZD3uAJJcOuQyjhe1eCIHmfLZ-TcCzL273TYQ7Cecyz_4ceOSDW1aTR2Ezn8k_VZb_bRQoxx-Qsp6RHnQPtMIK9Xy1BoozIyWAwZVxk0I_cH3SeeQNv5fOIxqxYaNAZCVzVHfWv9whGTT0fwlsz8gIBujJCFthQ1-I92XdOPIafMfX45gXhf8p2akFvI-w
2020-10-30 13:54:20 INFO  Demo_03:32 - access_token: prttVIBU3rooZpwF0hPlyV0VyZD3uAJJcOuQyjhe1eCIHmfLZ-TcCzL273TYQ7Cecyz_4ceOSDW1aTR2Ezn8k_VZb_bRQoxx-Qsp6RHnQPtMIK9Xy1BoozIyWAwZVxk0I_cH3SeeQNv5fOIxqxYaNAZCVzVHfWv9whGTT0fwlsz8gIBujJCFthQ1-I92XdOPIafMfX45gXhf8p2akFvI-w
2020-10-30 13:54:20 INFO  Demo_03:42 - 1
2020-10-30 13:54:21 INFO  Demo_03:42 - 2
2020-10-30 13:54:21 INFO  Demo_03:42 - 3
2020-10-30 13:54:22 INFO  Demo_03:42 - 4
2020-10-30 13:54:22 INFO  Demo_03:42 - 5
2020-10-30 13:54:22 INFO  Demo_03:42 - 7
2020-10-30 14:06:10 INFO  Demo_4:33 - access_token: prttVIBU3rooZpwF0hPlyV0VyZD3uAJJcOuQyjhe1eCIHmfLZ-TcCzL273TYQ7Cecyz_4ceOSDW1aTR2Ezn8k_VZb_bRQoxx-Qsp6RHnQPtMIK9Xy1BoozIyWAwZVxk0I_cH3SeeQNv5fOIxqxYaNAZCVzVHfWv9whGTT0fwlsz8gIBujJCFthQ1-I92XdOPIafMfX45gXhf8p2akFvI-w
2020-10-30 14:06:10 ERROR Demo_4:57 - 未获取到部门id
2020-10-30 14:08:00 INFO  Demo_4:33 - access_token: prttVIBU3rooZpwF0hPlyV0VyZD3uAJJcOuQyjhe1eCIHmfLZ-TcCzL273TYQ7Cecyz_4ceOSDW1aTR2Ezn8k_VZb_bRQoxx-Qsp6RHnQPtMIK9Xy1BoozIyWAwZVxk0I_cH3SeeQNv5fOIxqxYaNAZCVzVHfWv9whGTT0fwlsz8gIBujJCFthQ1-I92XdOPIafMfX45gXhf8p2akFvI-w
2020-10-30 14:08:00 ERROR Demo_4:57 - 未获取到部门id
2020-10-30 14:17:56 INFO  Demo_4:34 - access_token: prttVIBU3rooZpwF0hPlyV0VyZD3uAJJcOuQyjhe1eCIHmfLZ-TcCzL273TYQ7Cecyz_4ceOSDW1aTR2Ezn8k_VZb_bRQoxx-Qsp6RHnQPtMIK9Xy1BoozIyWAwZVxk0I_cH3SeeQNv5fOIxqxYaNAZCVzVHfWv9whGTT0fwlsz8gIBujJCFthQ1-I92XdOPIafMfX45gXhf8p2akFvI-w
2020-10-30 14:19:04 INFO  Demo_4:34 - access_token: prttVIBU3rooZpwF0hPlyV0VyZD3uAJJcOuQyjhe1eCIHmfLZ-TcCzL273TYQ7Cecyz_4ceOSDW1aTR2Ezn8k_VZb_bRQoxx-Qsp6RHnQPtMIK9Xy1BoozIyWAwZVxk0I_cH3SeeQNv5fOIxqxYaNAZCVzVHfWv9whGTT0fwlsz8gIBujJCFthQ1-I92XdOPIafMfX45gXhf8p2akFvI-w
2020-10-30 14:20:11 INFO  Demo_4:35 - access_token: prttVIBU3rooZpwF0hPlyV0VyZD3uAJJcOuQyjhe1eCIHmfLZ-TcCzL273TYQ7Cecyz_4ceOSDW1aTR2Ezn8k_VZb_bRQoxx-Qsp6RHnQPtMIK9Xy1BoozIyWAwZVxk0I_cH3SeeQNv5fOIxqxYaNAZCVzVHfWv9whGTT0fwlsz8gIBujJCFthQ1-I92XdOPIafMfX45gXhf8p2akFvI-w
2020-10-30 14:22:06 INFO  Demo_4:35 - access_token: prttVIBU3rooZpwF0hPlyV0VyZD3uAJJcOuQyjhe1eCIHmfLZ-TcCzL273TYQ7Cecyz_4ceOSDW1aTR2Ezn8k_VZb_bRQoxx-Qsp6RHnQPtMIK9Xy1BoozIyWAwZVxk0I_cH3SeeQNv5fOIxqxYaNAZCVzVHfWv9whGTT0fwlsz8gIBujJCFthQ1-I92XdOPIafMfX45gXhf8p2akFvI-w
2020-10-30 14:22:09 ERROR Demo_4:58 - 未获取到部门id
2020-10-30 15:00:31 INFO  Demo_5:36 - access_token: W8NfT8PjibZpDOrI_Kqj_20Ps-2WojnrmU-FKKaks8gGrKcV4oxqZEcQCDDqI38iT28H2V367cszQclYRo-UUwZwO5Lrl83mD_TXud8X8Ogy51psiEPvVo0C4MlTg4TZMHDgj_mX5hFFe_cYqJOhh1Rz8qYPLclQJgkBA5_gjwhMjVHVM6DzynOQS-HpupQCq7X04sBldb7vUutcilYIgw
2020-10-30 15:10:34 INFO  Demo_5:36 - access_token: W8NfT8PjibZpDOrI_Kqj_20Ps-2WojnrmU-FKKaks8gGrKcV4oxqZEcQCDDqI38iT28H2V367cszQclYRo-UUwZwO5Lrl83mD_TXud8X8Ogy51psiEPvVo0C4MlTg4TZMHDgj_mX5hFFe_cYqJOhh1Rz8qYPLclQJgkBA5_gjwhMjVHVM6DzynOQS-HpupQCq7X04sBldb7vUutcilYIgw
2020-10-30 15:42:29 INFO  TestClass:18 - hello word
2020-10-30 15:43:43 INFO  TestClass:30 - 线程号：12装入1

2020-10-30 15:43:43 INFO  TestClass:30 - 线程号：16装入1

2020-10-30 15:43:43 INFO  TestClass:30 - 线程号：13装入1

2020-10-30 15:43:43 INFO  TestClass:30 - 线程号：15装入1

2020-10-30 15:43:43 INFO  TestClass:30 - 线程号：14装入1

2020-10-30 15:43:44 INFO  TestClass:30 - 线程号：16装入1

2020-10-30 15:43:44 INFO  TestClass:30 - 线程号：13装入1

2020-10-30 15:43:44 INFO  TestClass:30 - 线程号：15装入1

2020-10-30 15:43:44 INFO  TestClass:30 - 线程号：14装入1

2020-10-30 15:43:44 INFO  TestClass:30 - 线程号：17装入1

2020-10-30 15:47:05 INFO  TestClass:35 - access_token: W8NfT8PjibZpDOrI_Kqj_20Ps-2WojnrmU-FKKaks8gGrKcV4oxqZEcQCDDqI38iT28H2V367cszQclYRo-UUwZwO5Lrl83mD_TXud8X8Ogy51psiEPvVo0C4MlTg4TZMHDgj_mX5hFFe_cYqJOhh1Rz8qYPLclQJgkBA5_gjwhMjVHVM6DzynOQS-HpupQCq7X04sBldb7vUutcilYIgw
2020-10-30 15:47:06 ERROR TestClass:51 - 未获取到部门id
2020-10-30 15:47:06 ERROR TestClass:51 - 未获取到部门id
2020-10-30 15:47:48 INFO  TestClass:35 - access_token: W8NfT8PjibZpDOrI_Kqj_20Ps-2WojnrmU-FKKaks8gGrKcV4oxqZEcQCDDqI38iT28H2V367cszQclYRo-UUwZwO5Lrl83mD_TXud8X8Ogy51psiEPvVo0C4MlTg4TZMHDgj_mX5hFFe_cYqJOhh1Rz8qYPLclQJgkBA5_gjwhMjVHVM6DzynOQS-HpupQCq7X04sBldb7vUutcilYIgw
2020-10-30 15:47:49 ERROR TestClass:51 - 未获取到部门id
2020-10-30 15:49:00 INFO  TestClass:33 - access_token: W8NfT8PjibZpDOrI_Kqj_20Ps-2WojnrmU-FKKaks8gGrKcV4oxqZEcQCDDqI38iT28H2V367cszQclYRo-UUwZwO5Lrl83mD_TXud8X8Ogy51psiEPvVo0C4MlTg4TZMHDgj_mX5hFFe_cYqJOhh1Rz8qYPLclQJgkBA5_gjwhMjVHVM6DzynOQS-HpupQCq7X04sBldb7vUutcilYIgw
2020-10-30 15:49:01 ERROR TestClass:48 - 未获取到部门id
2020-10-30 15:49:01 ERROR TestClass:48 - 未获取到部门id
2020-10-30 15:49:01 ERROR TestClass:48 - 未获取到部门id
2020-10-30 15:49:01 ERROR TestClass:48 - 未获取到部门id
2020-10-30 15:49:01 ERROR TestClass:48 - 未获取到部门id
2020-10-30 16:10:23 INFO  TestClass:33 - access_token: W8NfT8PjibZpDOrI_Kqj_20Ps-2WojnrmU-FKKaks8gGrKcV4oxqZEcQCDDqI38iT28H2V367cszQclYRo-UUwZwO5Lrl83mD_TXud8X8Ogy51psiEPvVo0C4MlTg4TZMHDgj_mX5hFFe_cYqJOhh1Rz8qYPLclQJgkBA5_gjwhMjVHVM6DzynOQS-HpupQCq7X04sBldb7vUutcilYIgw
2020-10-30 16:10:24 ERROR TestClass:48 - 未获取到部门id
2020-10-30 16:10:24 ERROR TestClass:48 - 未获取到部门id
2020-10-30 16:15:52 INFO  Demo_03:34 - access_token: W8NfT8PjibZpDOrI_Kqj_20Ps-2WojnrmU-FKKaks8gGrKcV4oxqZEcQCDDqI38iT28H2V367cszQclYRo-UUwZwO5Lrl83mD_TXud8X8Ogy51psiEPvVo0C4MlTg4TZMHDgj_mX5hFFe_cYqJOhh1Rz8qYPLclQJgkBA5_gjwhMjVHVM6DzynOQS-HpupQCq7X04sBldb7vUutcilYIgw
2020-10-30 16:15:53 ERROR Demo_03:60 - 未获取到部门id
2020-10-30 16:16:25 INFO  Demo_03:34 - access_token: W8NfT8PjibZpDOrI_Kqj_20Ps-2WojnrmU-FKKaks8gGrKcV4oxqZEcQCDDqI38iT28H2V367cszQclYRo-UUwZwO5Lrl83mD_TXud8X8Ogy51psiEPvVo0C4MlTg4TZMHDgj_mX5hFFe_cYqJOhh1Rz8qYPLclQJgkBA5_gjwhMjVHVM6DzynOQS-HpupQCq7X04sBldb7vUutcilYIgw
2020-10-30 16:16:26 ERROR Demo_03:60 - 未获取到部门id
2020-10-30 16:16:26 ERROR Demo_03:60 - 未获取到部门id
2020-10-30 16:16:26 ERROR Demo_03:60 - 未获取到部门id
2020-10-30 16:16:26 ERROR Demo_03:60 - 未获取到部门id
2020-10-30 16:16:27 ERROR Demo_03:60 - 未获取到部门id
2020-10-30 16:16:51 INFO  Demo_03:34 - access_token: W8NfT8PjibZpDOrI_Kqj_20Ps-2WojnrmU-FKKaks8gGrKcV4oxqZEcQCDDqI38iT28H2V367cszQclYRo-UUwZwO5Lrl83mD_TXud8X8Ogy51psiEPvVo0C4MlTg4TZMHDgj_mX5hFFe_cYqJOhh1Rz8qYPLclQJgkBA5_gjwhMjVHVM6DzynOQS-HpupQCq7X04sBldb7vUutcilYIgw
2020-10-30 16:16:52 ERROR Demo_03:60 - 未获取到部门id
2020-10-30 16:16:52 ERROR Demo_03:60 - 未获取到部门id
2020-10-30 16:16:53 ERROR Demo_03:60 - 未获取到部门id
2020-10-30 16:18:55 INFO  Demo_03:35 - access_token: W8NfT8PjibZpDOrI_Kqj_20Ps-2WojnrmU-FKKaks8gGrKcV4oxqZEcQCDDqI38iT28H2V367cszQclYRo-UUwZwO5Lrl83mD_TXud8X8Ogy51psiEPvVo0C4MlTg4TZMHDgj_mX5hFFe_cYqJOhh1Rz8qYPLclQJgkBA5_gjwhMjVHVM6DzynOQS-HpupQCq7X04sBldb7vUutcilYIgw
2020-10-30 17:22:43 INFO  Demo_5:40 - access_token: KWH1SmZDbFxZveej8RL-i0B_TZ7oe14-OafVPkwRLTB8icc3iwFCRSIEJv2lOCeK8bKOthkoRzgxZc000IqIYX8mUi7J97KIM1nmYaY2vJvzZAvAN9lLHgORfK4szkuz0vsAIZl8RziPROiuJcGIFeuCdIJ5w2Tr6cAZqscsPAjo8qFUVr56MYAQMbuDmLmzNRRkk-ZFyHqDcJacY50pHg
2020-10-30 17:22:45 ERROR Demo_5:69 - 未获取到部门id
2020-10-30 17:22:46 ERROR Demo_5:69 - 未获取到部门id
2020-10-30 17:22:49 INFO  EvnTask:22 - 1
2020-10-30 17:22:50 INFO  EvnTask:22 - 2
2020-10-30 17:22:50 INFO  EvnTask:22 - 3
2020-10-30 17:22:51 INFO  EvnTask:22 - 4
2020-10-30 17:22:51 INFO  EvnTask:22 - 5
2020-10-30 17:22:51 INFO  EvnTask:22 - 6
2020-10-30 17:22:52 INFO  EvnTask:22 - 7
2020-10-30 17:22:52 INFO  EvnTask:22 - 8
2020-10-30 17:22:53 INFO  EvnTask:22 - 9
2020-10-30 17:22:53 INFO  EvnTask:22 - 10
2020-10-30 17:22:54 INFO  EvnTask:22 - 12
2020-10-30 17:22:54 INFO  EvnTask:22 - 11
2020-10-30 17:22:55 INFO  EvnTask:22 - 13
2020-10-30 17:22:55 INFO  EvnTask:22 - 14
2020-10-30 17:22:56 INFO  EvnTask:22 - 15
2020-10-30 17:22:56 INFO  EvnTask:22 - 16
2020-10-30 17:22:57 INFO  EvnTask:22 - 17
2020-10-30 17:22:57 INFO  EvnTask:22 - 20
2020-10-30 17:22:58 INFO  EvnTask:22 - 18
2020-10-30 17:22:58 INFO  EvnTask:22 - 19
2020-10-30 17:22:59 INFO  EvnTask:22 - 21
2020-10-30 17:22:59 INFO  EvnTask:22 - 22
2020-10-30 17:22:59 INFO  EvnTask:22 - 23
2020-10-30 17:23:00 INFO  EvnTask:22 - 24
2020-10-30 17:23:00 INFO  EvnTask:22 - 25
2020-10-30 17:23:01 INFO  EvnTask:22 - 26
2020-10-30 17:23:01 INFO  EvnTask:22 - 27
2020-10-30 17:23:01 INFO  EvnTask:22 - 28
2020-10-30 17:23:02 INFO  EvnTask:22 - 29
2020-10-30 17:23:02 INFO  EvnTask:22 - 30
2020-10-30 17:23:03 INFO  EvnTask:22 - 31
2020-10-30 17:23:03 INFO  EvnTask:22 - 32
2020-10-30 17:23:04 INFO  EvnTask:22 - 33
2020-10-30 17:23:04 INFO  EvnTask:22 - 36
2020-10-30 17:23:05 INFO  EvnTask:22 - 34
2020-10-30 17:23:05 INFO  EvnTask:22 - 35
2020-10-30 17:23:05 INFO  EvnTask:22 - 37
2020-10-30 17:23:06 INFO  EvnTask:22 - 38
2020-10-30 17:23:06 INFO  EvnTask:22 - 39
2020-10-30 17:23:07 INFO  EvnTask:22 - 40
2020-10-30 17:23:07 INFO  EvnTask:22 - 41
2020-10-30 17:23:07 INFO  EvnTask:22 - 42
2020-10-30 17:23:08 INFO  EvnTask:22 - 43
2020-10-30 17:23:08 INFO  EvnTask:22 - 44
2020-10-30 17:23:09 INFO  EvnTask:22 - 45
2020-10-30 17:23:09 INFO  EvnTask:22 - 46
2020-10-30 17:23:10 INFO  EvnTask:22 - 47
2020-10-30 17:23:10 INFO  EvnTask:22 - 48
2020-10-30 17:23:10 INFO  EvnTask:22 - 49
2020-10-30 17:23:11 INFO  EvnTask:22 - 50
2020-10-30 17:23:11 INFO  EvnTask:22 - 51
2020-10-30 17:23:12 INFO  EvnTask:22 - 52
2020-10-30 17:23:12 INFO  EvnTask:22 - 53
2020-10-30 17:23:12 INFO  EvnTask:22 - 54
2020-10-30 17:23:13 INFO  EvnTask:22 - 55
2020-10-30 17:23:13 INFO  EvnTask:22 - 56
2020-10-30 17:23:14 INFO  EvnTask:22 - 57
2020-10-30 17:23:14 INFO  EvnTask:22 - 58
2020-10-30 17:23:14 INFO  EvnTask:22 - 59
2020-10-30 17:23:15 INFO  EvnTask:22 - 60
2020-10-30 17:23:15 INFO  EvnTask:22 - 61
2020-10-30 17:23:16 INFO  EvnTask:22 - 63
2020-10-30 17:23:16 INFO  EvnTask:22 - 62
2020-10-30 17:23:16 INFO  EvnTask:22 - 64
2020-10-30 17:23:17 INFO  EvnTask:22 - 65
2020-10-30 17:23:17 INFO  EvnTask:22 - 66
2020-10-30 17:23:18 INFO  EvnTask:22 - 67
2020-10-30 17:23:18 INFO  EvnTask:22 - 68
2020-10-30 17:23:19 INFO  EvnTask:22 - 69
2020-10-30 17:23:19 INFO  EvnTask:22 - 70
2020-10-30 17:23:20 INFO  EvnTask:22 - 74
2020-10-30 17:23:20 INFO  EvnTask:22 - 72
2020-10-30 17:23:20 INFO  EvnTask:22 - 73
2020-10-30 17:23:21 INFO  EvnTask:22 - 75
2020-10-30 17:23:21 INFO  EvnTask:22 - 71
2020-10-30 17:23:22 INFO  EvnTask:22 - 76
2020-10-30 17:23:22 INFO  EvnTask:22 - 78
2020-10-30 17:23:22 INFO  EvnTask:22 - 77
2020-10-30 17:23:23 INFO  EvnTask:22 - 79
2020-10-30 17:23:23 INFO  EvnTask:22 - 80
2020-10-30 17:23:24 INFO  EvnTask:22 - 81
2020-10-30 17:23:24 INFO  EvnTask:22 - 83
2020-10-30 17:23:25 INFO  EvnTask:22 - 82
2020-10-30 17:23:25 INFO  EvnTask:22 - 84
2020-10-30 17:23:25 INFO  EvnTask:22 - 85
2020-10-30 17:23:26 INFO  EvnTask:22 - 86
2020-10-30 17:23:26 INFO  EvnTask:22 - 87
2020-10-30 17:23:27 INFO  EvnTask:22 - 88
2020-10-30 17:23:27 INFO  EvnTask:22 - 89
2020-10-30 17:23:27 INFO  EvnTask:22 - 90
2020-10-30 17:23:28 INFO  EvnTask:22 - 91
2020-10-30 17:23:28 INFO  EvnTask:22 - 92
2020-10-30 17:23:29 INFO  EvnTask:22 - 93
